[36mvite v8.0.16 [32mbuilding client environment for production...[36m[39m
[2Ktransforming...✓ 1867 modules transformed.
rendering chunks...
computing gzip size...
dist/admin/index.html                  0.58 kB │ gzip:   0.40 kB
dist/index.html                        0.84 kB │ gzip:   0.45 kB
dist/assets/admin-DB6cPAth.css         1.48 kB │ gzip:   0.64 kB
dist/assets/main-BXopMSae.css         53.31 kB │ gzip:  10.41 kB
dist/assets/main-B05x-ZKa.js          88.57 kB │ gzip:  30.47 kB
dist/assets/jsx-runtime-BQMqY73n.js  192.20 kB │ gzip:  61.10 kB
dist/assets/dist-DBzlzYWj.js         302.27 kB │ gzip: 102.27 kB
dist/assets/admin-BZSPY9GH.js        669.11 kB │ gzip: 230.93 kB

[33m[plugin builtin:vite-reporter] 
(!) Some chunks are larger than 500 kB after minification. Consider:
- Using dynamic import() to code-split the application
- Use build.rolldownOptions.output.codeSplitting to improve chunking: https://rolldown.rs/reference/OutputOptions.codeSplitting
- Adjust chunk size limit for this warning via build.chunkSizeWarningLimit.[39m
[31m✗[39m Build failed in 975ms
[31merror during build:
[31mBuild failed with 1 error:

Error: [vite]: Rolldown failed to resolve import "@codemirror/commands" from "d:/bz/bazipaipan/admin/modules/prompts/PromptEditor.tsx".
This is most likely unintended because it can break your application at runtime.
If you do want to externalize this module explicitly add it to
`build.rolldownOptions.external`
    at viteLog (file:///d:/bz/bazipaipan/node_modules/vite/dist/node/chunks/node.js:33346:57)
    at file:///d:/bz/bazipaipan/node_modules/vite/dist/node/chunks/node.js:33382:71
    at onwarn (file:///d:/bz/bazipaipan/node_modules/@vitejs/plugin-react/dist/index.js:40:7)
    at file:///d:/bz/bazipaipan/node_modules/vite/dist/node/chunks/node.js:33382:28
    at onRollupLog (file:///d:/bz/bazipaipan/node_modules/vite/dist/node/chunks/node.js:33377:63)
    at onLog (file:///d:/bz/bazipaipan/node_modules/vite/dist/node/chunks/node.js:33146:4)
    at file:///d:/bz/bazipaipan/node_modules/rolldown/dist/shared/rolldown-build-CrPk_lZe.mjs:50:26
    at logger (file:///d:/bz/bazipaipan/node_modules/rolldown/dist/shared/rolldown-build-CrPk_lZe.mjs:41:3)[31m
    at aggregateBindingErrorsIntoJsError (file:///d:/bz/bazipaipan/node_modules/rolldown/dist/shared/error-BuvQYXuZ.mjs:48:18)
    at unwrapBindingResult (file:///d:/bz/bazipaipan/node_modules/rolldown/dist/shared/error-BuvQYXuZ.mjs:18:128)
    at #build (file:///d:/bz/bazipaipan/node_modules/rolldown/dist/shared/rolldown-build-CrPk_lZe.mjs:3246:34)
    at async buildEnvironment (file:///d:/bz/bazipaipan/node_modules/vite/dist/node/chunks/node.js:33253:64)
    at async Object.build (file:///d:/bz/bazipaipan/node_modules/vite/dist/node/chunks/node.js:33675:19)
    at async Object.buildApp (file:///d:/bz/bazipaipan/node_modules/vite/dist/node/chunks/node.js:33672:153)
    at async CAC.<anonymous> (file:///d:/bz/bazipaipan/node_modules/vite/dist/node/cli.js:777:3) {
  errors: [Getter/Setter]
}[39m
